------------------------------------------------------------
Timing Analyzer Summary
------------------------------------------------------------

Type  : Slow 1100mV 85C Model Setup 'VGA_SYNC:inst|vert_sync_out'
Slack : -88.119
TNS   : -8137.953

Type  : Slow 1100mV 85C Model Setup 'MOUSE:inst5|MOUSE_CLK_FILTER'
Slack : -8.489
TNS   : -275.213

Type  : Slow 1100mV 85C Model Setup 'inst2|pll_inst|altera_pll_i|general[0].gpll~PLL_OUTPUT_COUNTER|divclk'
Slack : -4.719
TNS   : -22.893

Type  : Slow 1100mV 85C Model Hold 'inst2|pll_inst|altera_pll_i|general[0].gpll~PLL_OUTPUT_COUNTER|divclk'
Slack : 0.120
TNS   : 0.000

Type  : Slow 1100mV 85C Model Hold 'VGA_SYNC:inst|vert_sync_out'
Slack : 0.458
TNS   : 0.000

Type  : Slow 1100mV 85C Model Hold 'MOUSE:inst5|MOUSE_CLK_FILTER'
Slack : 0.528
TNS   : 0.000

Type  : Slow 1100mV 85C Model Recovery 'MOUSE:inst5|MOUSE_CLK_FILTER'
Slack : -7.055
TNS   : -109.449

Type  : Slow 1100mV 85C Model Recovery 'VGA_SYNC:inst|vert_sync_out'
Slack : -6.375
TNS   : -233.462

Type  : Slow 1100mV 85C Model Removal 'VGA_SYNC:inst|vert_sync_out'
Slack : 4.800
TNS   : 0.000

Type  : Slow 1100mV 85C Model Removal 'MOUSE:inst5|MOUSE_CLK_FILTER'
Slack : 5.805
TNS   : 0.000

Type  : Slow 1100mV 85C Model Minimum Pulse Width 'VGA_SYNC:inst|vert_sync_out'
Slack : -0.572
TNS   : -221.752

Type  : Slow 1100mV 85C Model Minimum Pulse Width 'MOUSE:inst5|MOUSE_CLK_FILTER'
Slack : -0.538
TNS   : -29.090

Type  : Slow 1100mV 85C Model Minimum Pulse Width 'inst2|pll_inst|altera_pll_i|general[0].gpll~FRACTIONAL_PLL|vcoph[0]'
Slack : 1.666
TNS   : 0.000

Type  : Slow 1100mV 85C Model Minimum Pulse Width 'CLOCK_50'
Slack : 9.731
TNS   : 0.000

Type  : Slow 1100mV 85C Model Minimum Pulse Width 'inst2|pll_inst|altera_pll_i|general[0].gpll~PLL_OUTPUT_COUNTER|divclk'
Slack : 18.648
TNS   : 0.000

Type  : Slow 1100mV 0C Model Setup 'VGA_SYNC:inst|vert_sync_out'
Slack : -92.105
TNS   : -8464.967

Type  : Slow 1100mV 0C Model Setup 'MOUSE:inst5|MOUSE_CLK_FILTER'
Slack : -8.501
TNS   : -270.589

Type  : Slow 1100mV 0C Model Setup 'inst2|pll_inst|altera_pll_i|general[0].gpll~PLL_OUTPUT_COUNTER|divclk'
Slack : -4.204
TNS   : -19.630

Type  : Slow 1100mV 0C Model Hold 'inst2|pll_inst|altera_pll_i|general[0].gpll~PLL_OUTPUT_COUNTER|divclk'
Slack : -0.414
TNS   : -0.427

Type  : Slow 1100mV 0C Model Hold 'VGA_SYNC:inst|vert_sync_out'
Slack : 0.413
TNS   : 0.000

Type  : Slow 1100mV 0C Model Hold 'MOUSE:inst5|MOUSE_CLK_FILTER'
Slack : 0.567
TNS   : 0.000

Type  : Slow 1100mV 0C Model Recovery 'MOUSE:inst5|MOUSE_CLK_FILTER'
Slack : -6.986
TNS   : -108.446

Type  : Slow 1100mV 0C Model Recovery 'VGA_SYNC:inst|vert_sync_out'
Slack : -6.383
TNS   : -234.572

Type  : Slow 1100mV 0C Model Removal 'VGA_SYNC:inst|vert_sync_out'
Slack : 4.962
TNS   : 0.000

Type  : Slow 1100mV 0C Model Removal 'MOUSE:inst5|MOUSE_CLK_FILTER'
Slack : 5.926
TNS   : 0.000

Type  : Slow 1100mV 0C Model Minimum Pulse Width 'VGA_SYNC:inst|vert_sync_out'
Slack : -0.569
TNS   : -220.944

Type  : Slow 1100mV 0C Model Minimum Pulse Width 'MOUSE:inst5|MOUSE_CLK_FILTER'
Slack : -0.538
TNS   : -27.183

Type  : Slow 1100mV 0C Model Minimum Pulse Width 'inst2|pll_inst|altera_pll_i|general[0].gpll~FRACTIONAL_PLL|vcoph[0]'
Slack : 1.666
TNS   : 0.000

Type  : Slow 1100mV 0C Model Minimum Pulse Width 'CLOCK_50'
Slack : 9.741
TNS   : 0.000

Type  : Slow 1100mV 0C Model Minimum Pulse Width 'inst2|pll_inst|altera_pll_i|general[0].gpll~PLL_OUTPUT_COUNTER|divclk'
Slack : 18.587
TNS   : 0.000

Type  : Fast 1100mV 85C Model Setup 'VGA_SYNC:inst|vert_sync_out'
Slack : -41.662
TNS   : -3867.438

Type  : Fast 1100mV 85C Model Setup 'MOUSE:inst5|MOUSE_CLK_FILTER'
Slack : -4.101
TNS   : -129.546

Type  : Fast 1100mV 85C Model Setup 'inst2|pll_inst|altera_pll_i|general[0].gpll~PLL_OUTPUT_COUNTER|divclk'
Slack : -3.650
TNS   : -16.435

Type  : Fast 1100mV 85C Model Hold 'inst2|pll_inst|altera_pll_i|general[0].gpll~PLL_OUTPUT_COUNTER|divclk'
Slack : 0.181
TNS   : 0.000

Type  : Fast 1100mV 85C Model Hold 'VGA_SYNC:inst|vert_sync_out'
Slack : 0.198
TNS   : 0.000

Type  : Fast 1100mV 85C Model Hold 'MOUSE:inst5|MOUSE_CLK_FILTER'
Slack : 0.259
TNS   : 0.000

Type  : Fast 1100mV 85C Model Recovery 'MOUSE:inst5|MOUSE_CLK_FILTER'
Slack : -3.352
TNS   : -51.413

Type  : Fast 1100mV 85C Model Recovery 'VGA_SYNC:inst|vert_sync_out'
Slack : -2.934
TNS   : -106.422

Type  : Fast 1100mV 85C Model Removal 'VGA_SYNC:inst|vert_sync_out'
Slack : 2.136
TNS   : 0.000

Type  : Fast 1100mV 85C Model Removal 'MOUSE:inst5|MOUSE_CLK_FILTER'
Slack : 3.022
TNS   : 0.000

Type  : Fast 1100mV 85C Model Minimum Pulse Width 'VGA_SYNC:inst|vert_sync_out'
Slack : -0.201
TNS   : -20.447

Type  : Fast 1100mV 85C Model Minimum Pulse Width 'MOUSE:inst5|MOUSE_CLK_FILTER'
Slack : 0.118
TNS   : 0.000

Type  : Fast 1100mV 85C Model Minimum Pulse Width 'inst2|pll_inst|altera_pll_i|general[0].gpll~FRACTIONAL_PLL|vcoph[0]'
Slack : 1.666
TNS   : 0.000

Type  : Fast 1100mV 85C Model Minimum Pulse Width 'CLOCK_50'
Slack : 9.336
TNS   : 0.000

Type  : Fast 1100mV 85C Model Minimum Pulse Width 'inst2|pll_inst|altera_pll_i|general[0].gpll~PLL_OUTPUT_COUNTER|divclk'
Slack : 18.899
TNS   : 0.000

Type  : Fast 1100mV 0C Model Setup 'VGA_SYNC:inst|vert_sync_out'
Slack : -39.430
TNS   : -3637.124

Type  : Fast 1100mV 0C Model Setup 'MOUSE:inst5|MOUSE_CLK_FILTER'
Slack : -3.924
TNS   : -123.593

Type  : Fast 1100mV 0C Model Setup 'inst2|pll_inst|altera_pll_i|general[0].gpll~PLL_OUTPUT_COUNTER|divclk'
Slack : -2.852
TNS   : -12.362

Type  : Fast 1100mV 0C Model Hold 'inst2|pll_inst|altera_pll_i|general[0].gpll~PLL_OUTPUT_COUNTER|divclk'
Slack : -0.168
TNS   : -0.168

Type  : Fast 1100mV 0C Model Hold 'VGA_SYNC:inst|vert_sync_out'
Slack : 0.160
TNS   : 0.000

Type  : Fast 1100mV 0C Model Hold 'MOUSE:inst5|MOUSE_CLK_FILTER'
Slack : 0.242
TNS   : 0.000

Type  : Fast 1100mV 0C Model Recovery 'MOUSE:inst5|MOUSE_CLK_FILTER'
Slack : -3.218
TNS   : -49.576

Type  : Fast 1100mV 0C Model Recovery 'VGA_SYNC:inst|vert_sync_out'
Slack : -2.799
TNS   : -101.916

Type  : Fast 1100mV 0C Model Removal 'VGA_SYNC:inst|vert_sync_out'
Slack : 2.144
TNS   : 0.000

Type  : Fast 1100mV 0C Model Removal 'MOUSE:inst5|MOUSE_CLK_FILTER'
Slack : 2.973
TNS   : 0.000

Type  : Fast 1100mV 0C Model Minimum Pulse Width 'VGA_SYNC:inst|vert_sync_out'
Slack : -0.131
TNS   : -11.685

Type  : Fast 1100mV 0C Model Minimum Pulse Width 'MOUSE:inst5|MOUSE_CLK_FILTER'
Slack : 0.136
TNS   : 0.000

Type  : Fast 1100mV 0C Model Minimum Pulse Width 'inst2|pll_inst|altera_pll_i|general[0].gpll~FRACTIONAL_PLL|vcoph[0]'
Slack : 1.666
TNS   : 0.000

Type  : Fast 1100mV 0C Model Minimum Pulse Width 'CLOCK_50'
Slack : 9.286
TNS   : 0.000

Type  : Fast 1100mV 0C Model Minimum Pulse Width 'inst2|pll_inst|altera_pll_i|general[0].gpll~PLL_OUTPUT_COUNTER|divclk'
Slack : 18.899
TNS   : 0.000

------------------------------------------------------------
