------------------------------------------------------------
Timing Analyzer Summary
------------------------------------------------------------

Type  : Slow 1100mV 85C Model Setup 'VGA_SYNC:inst|vert_sync_out'
Slack : -87.047
TNS   : -9118.848

Type  : Slow 1100mV 85C Model Setup 'MOUSE:inst5|MOUSE_CLK_FILTER'
Slack : -8.253
TNS   : -265.886

Type  : Slow 1100mV 85C Model Setup 'inst2|pll_inst|altera_pll_i|general[0].gpll~PLL_OUTPUT_COUNTER|divclk'
Slack : -5.260
TNS   : -53.227

Type  : Slow 1100mV 85C Model Hold 'inst2|pll_inst|altera_pll_i|general[0].gpll~PLL_OUTPUT_COUNTER|divclk'
Slack : -0.212
TNS   : -0.333

Type  : Slow 1100mV 85C Model Hold 'MOUSE:inst5|MOUSE_CLK_FILTER'
Slack : 0.566
TNS   : 0.000

Type  : Slow 1100mV 85C Model Hold 'VGA_SYNC:inst|vert_sync_out'
Slack : 0.691
TNS   : 0.000

Type  : Slow 1100mV 85C Model Recovery 'VGA_SYNC:inst|vert_sync_out'
Slack : -7.070
TNS   : -251.109

Type  : Slow 1100mV 85C Model Recovery 'MOUSE:inst5|MOUSE_CLK_FILTER'
Slack : -6.888
TNS   : -110.117

Type  : Slow 1100mV 85C Model Removal 'VGA_SYNC:inst|vert_sync_out'
Slack : 5.377
TNS   : 0.000

Type  : Slow 1100mV 85C Model Removal 'MOUSE:inst5|MOUSE_CLK_FILTER'
Slack : 5.669
TNS   : 0.000

Type  : Slow 1100mV 85C Model Minimum Pulse Width 'VGA_SYNC:inst|vert_sync_out'
Slack : -0.538
TNS   : -240.067

Type  : Slow 1100mV 85C Model Minimum Pulse Width 'MOUSE:inst5|MOUSE_CLK_FILTER'
Slack : -0.538
TNS   : -28.827

Type  : Slow 1100mV 85C Model Minimum Pulse Width 'inst2|pll_inst|altera_pll_i|general[0].gpll~FRACTIONAL_PLL|vcoph[0]'
Slack : 1.666
TNS   : 0.000

Type  : Slow 1100mV 85C Model Minimum Pulse Width 'CLOCK_50'
Slack : 9.731
TNS   : 0.000

Type  : Slow 1100mV 85C Model Minimum Pulse Width 'inst2|pll_inst|altera_pll_i|general[0].gpll~PLL_OUTPUT_COUNTER|divclk'
Slack : 18.636
TNS   : 0.000

Type  : Slow 1100mV 0C Model Setup 'VGA_SYNC:inst|vert_sync_out'
Slack : -91.109
TNS   : -9407.697

Type  : Slow 1100mV 0C Model Setup 'MOUSE:inst5|MOUSE_CLK_FILTER'
Slack : -8.365
TNS   : -263.258

Type  : Slow 1100mV 0C Model Setup 'inst2|pll_inst|altera_pll_i|general[0].gpll~PLL_OUTPUT_COUNTER|divclk'
Slack : -4.981
TNS   : -47.139

Type  : Slow 1100mV 0C Model Hold 'inst2|pll_inst|altera_pll_i|general[0].gpll~PLL_OUTPUT_COUNTER|divclk'
Slack : -0.491
TNS   : -2.443

Type  : Slow 1100mV 0C Model Hold 'MOUSE:inst5|MOUSE_CLK_FILTER'
Slack : 0.578
TNS   : 0.000

Type  : Slow 1100mV 0C Model Hold 'VGA_SYNC:inst|vert_sync_out'
Slack : 0.673
TNS   : 0.000

Type  : Slow 1100mV 0C Model Recovery 'VGA_SYNC:inst|vert_sync_out'
Slack : -7.084
TNS   : -252.557

Type  : Slow 1100mV 0C Model Recovery 'MOUSE:inst5|MOUSE_CLK_FILTER'
Slack : -6.844
TNS   : -109.415

Type  : Slow 1100mV 0C Model Removal 'VGA_SYNC:inst|vert_sync_out'
Slack : 5.514
TNS   : 0.000

Type  : Slow 1100mV 0C Model Removal 'MOUSE:inst5|MOUSE_CLK_FILTER'
Slack : 5.835
TNS   : 0.000

Type  : Slow 1100mV 0C Model Minimum Pulse Width 'VGA_SYNC:inst|vert_sync_out'
Slack : -0.538
TNS   : -232.465

Type  : Slow 1100mV 0C Model Minimum Pulse Width 'MOUSE:inst5|MOUSE_CLK_FILTER'
Slack : -0.538
TNS   : -28.791

Type  : Slow 1100mV 0C Model Minimum Pulse Width 'inst2|pll_inst|altera_pll_i|general[0].gpll~FRACTIONAL_PLL|vcoph[0]'
Slack : 1.666
TNS   : 0.000

Type  : Slow 1100mV 0C Model Minimum Pulse Width 'CLOCK_50'
Slack : 9.741
TNS   : 0.000

Type  : Slow 1100mV 0C Model Minimum Pulse Width 'inst2|pll_inst|altera_pll_i|general[0].gpll~PLL_OUTPUT_COUNTER|divclk'
Slack : 18.577
TNS   : 0.000

Type  : Fast 1100mV 85C Model Setup 'VGA_SYNC:inst|vert_sync_out'
Slack : -41.747
TNS   : -4503.276

Type  : Fast 1100mV 85C Model Setup 'inst2|pll_inst|altera_pll_i|general[0].gpll~PLL_OUTPUT_COUNTER|divclk'
Slack : -3.962
TNS   : -36.811

Type  : Fast 1100mV 85C Model Setup 'MOUSE:inst5|MOUSE_CLK_FILTER'
Slack : -3.609
TNS   : -111.809

Type  : Fast 1100mV 85C Model Hold 'inst2|pll_inst|altera_pll_i|general[0].gpll~PLL_OUTPUT_COUNTER|divclk'
Slack : 0.005
TNS   : 0.000

Type  : Fast 1100mV 85C Model Hold 'MOUSE:inst5|MOUSE_CLK_FILTER'
Slack : 0.283
TNS   : 0.000

Type  : Fast 1100mV 85C Model Hold 'VGA_SYNC:inst|vert_sync_out'
Slack : 0.312
TNS   : 0.000

Type  : Fast 1100mV 85C Model Recovery 'VGA_SYNC:inst|vert_sync_out'
Slack : -3.196
TNS   : -109.400

Type  : Fast 1100mV 85C Model Recovery 'MOUSE:inst5|MOUSE_CLK_FILTER'
Slack : -2.871
TNS   : -45.906

Type  : Fast 1100mV 85C Model Removal 'VGA_SYNC:inst|vert_sync_out'
Slack : 2.521
TNS   : 0.000

Type  : Fast 1100mV 85C Model Removal 'MOUSE:inst5|MOUSE_CLK_FILTER'
Slack : 2.679
TNS   : 0.000

Type  : Fast 1100mV 85C Model Minimum Pulse Width 'VGA_SYNC:inst|vert_sync_out'
Slack : -0.152
TNS   : -14.083

Type  : Fast 1100mV 85C Model Minimum Pulse Width 'MOUSE:inst5|MOUSE_CLK_FILTER'
Slack : -0.014
TNS   : -0.204

Type  : Fast 1100mV 85C Model Minimum Pulse Width 'inst2|pll_inst|altera_pll_i|general[0].gpll~FRACTIONAL_PLL|vcoph[0]'
Slack : 1.666
TNS   : 0.000

Type  : Fast 1100mV 85C Model Minimum Pulse Width 'CLOCK_50'
Slack : 9.336
TNS   : 0.000

Type  : Fast 1100mV 85C Model Minimum Pulse Width 'inst2|pll_inst|altera_pll_i|general[0].gpll~PLL_OUTPUT_COUNTER|divclk'
Slack : 18.890
TNS   : 0.000

Type  : Fast 1100mV 0C Model Setup 'VGA_SYNC:inst|vert_sync_out'
Slack : -39.377
TNS   : -4181.868

Type  : Fast 1100mV 0C Model Setup 'MOUSE:inst5|MOUSE_CLK_FILTER'
Slack : -3.480
TNS   : -107.742

Type  : Fast 1100mV 0C Model Setup 'inst2|pll_inst|altera_pll_i|general[0].gpll~PLL_OUTPUT_COUNTER|divclk'
Slack : -3.113
TNS   : -27.827

Type  : Fast 1100mV 0C Model Hold 'inst2|pll_inst|altera_pll_i|general[0].gpll~PLL_OUTPUT_COUNTER|divclk'
Slack : -0.258
TNS   : -0.681

Type  : Fast 1100mV 0C Model Hold 'MOUSE:inst5|MOUSE_CLK_FILTER'
Slack : 0.259
TNS   : 0.000

Type  : Fast 1100mV 0C Model Hold 'VGA_SYNC:inst|vert_sync_out'
Slack : 0.281
TNS   : 0.000

Type  : Fast 1100mV 0C Model Recovery 'VGA_SYNC:inst|vert_sync_out'
Slack : -3.025
TNS   : -104.634

Type  : Fast 1100mV 0C Model Recovery 'MOUSE:inst5|MOUSE_CLK_FILTER'
Slack : -2.781
TNS   : -44.464

Type  : Fast 1100mV 0C Model Removal 'VGA_SYNC:inst|vert_sync_out'
Slack : 2.485
TNS   : 0.000

Type  : Fast 1100mV 0C Model Removal 'MOUSE:inst5|MOUSE_CLK_FILTER'
Slack : 2.666
TNS   : 0.000

Type  : Fast 1100mV 0C Model Minimum Pulse Width 'VGA_SYNC:inst|vert_sync_out'
Slack : -0.078
TNS   : -4.463

Type  : Fast 1100mV 0C Model Minimum Pulse Width 'MOUSE:inst5|MOUSE_CLK_FILTER'
Slack : 0.001
TNS   : 0.000

Type  : Fast 1100mV 0C Model Minimum Pulse Width 'inst2|pll_inst|altera_pll_i|general[0].gpll~FRACTIONAL_PLL|vcoph[0]'
Slack : 1.666
TNS   : 0.000

Type  : Fast 1100mV 0C Model Minimum Pulse Width 'CLOCK_50'
Slack : 9.286
TNS   : 0.000

Type  : Fast 1100mV 0C Model Minimum Pulse Width 'inst2|pll_inst|altera_pll_i|general[0].gpll~PLL_OUTPUT_COUNTER|divclk'
Slack : 18.889
TNS   : 0.000

------------------------------------------------------------
