------------------------------------------------------------
Timing Analyzer Summary
------------------------------------------------------------

Type  : Slow 1100mV 85C Model Setup 'VGA_SYNC:inst|vert_sync_out'
Slack : -87.010
TNS   : -9133.183

Type  : Slow 1100mV 85C Model Setup 'MOUSE:inst5|MOUSE_CLK_FILTER'
Slack : -9.044
TNS   : -285.044

Type  : Slow 1100mV 85C Model Setup 'inst2|pll_inst|altera_pll_i|general[0].gpll~PLL_OUTPUT_COUNTER|divclk'
Slack : -5.048
TNS   : -137.910

Type  : Slow 1100mV 85C Model Hold 'inst2|pll_inst|altera_pll_i|general[0].gpll~PLL_OUTPUT_COUNTER|divclk'
Slack : 0.155
TNS   : 0.000

Type  : Slow 1100mV 85C Model Hold 'MOUSE:inst5|MOUSE_CLK_FILTER'
Slack : 0.372
TNS   : 0.000

Type  : Slow 1100mV 85C Model Hold 'VGA_SYNC:inst|vert_sync_out'
Slack : 0.670
TNS   : 0.000

Type  : Slow 1100mV 85C Model Recovery 'VGA_SYNC:inst|vert_sync_out'
Slack : -6.602
TNS   : -233.844

Type  : Slow 1100mV 85C Model Recovery 'MOUSE:inst5|MOUSE_CLK_FILTER'
Slack : -6.440
TNS   : -102.954

Type  : Slow 1100mV 85C Model Removal 'VGA_SYNC:inst|vert_sync_out'
Slack : 4.717
TNS   : 0.000

Type  : Slow 1100mV 85C Model Removal 'MOUSE:inst5|MOUSE_CLK_FILTER'
Slack : 5.130
TNS   : 0.000

Type  : Slow 1100mV 85C Model Minimum Pulse Width 'VGA_SYNC:inst|vert_sync_out'
Slack : -0.538
TNS   : -251.566

Type  : Slow 1100mV 85C Model Minimum Pulse Width 'MOUSE:inst5|MOUSE_CLK_FILTER'
Slack : -0.538
TNS   : -29.331

Type  : Slow 1100mV 85C Model Minimum Pulse Width 'inst2|pll_inst|altera_pll_i|general[0].gpll~FRACTIONAL_PLL|vcoph[0]'
Slack : 1.666
TNS   : 0.000

Type  : Slow 1100mV 85C Model Minimum Pulse Width 'CLOCK_50'
Slack : 9.731
TNS   : 0.000

Type  : Slow 1100mV 85C Model Minimum Pulse Width 'inst2|pll_inst|altera_pll_i|general[0].gpll~PLL_OUTPUT_COUNTER|divclk'
Slack : 18.628
TNS   : 0.000

Type  : Slow 1100mV 0C Model Setup 'VGA_SYNC:inst|vert_sync_out'
Slack : -90.977
TNS   : -9412.833

Type  : Slow 1100mV 0C Model Setup 'MOUSE:inst5|MOUSE_CLK_FILTER'
Slack : -9.006
TNS   : -281.008

Type  : Slow 1100mV 0C Model Setup 'inst2|pll_inst|altera_pll_i|general[0].gpll~PLL_OUTPUT_COUNTER|divclk'
Slack : -4.557
TNS   : -119.607

Type  : Slow 1100mV 0C Model Hold 'inst2|pll_inst|altera_pll_i|general[0].gpll~PLL_OUTPUT_COUNTER|divclk'
Slack : -0.472
TNS   : -1.194

Type  : Slow 1100mV 0C Model Hold 'MOUSE:inst5|MOUSE_CLK_FILTER'
Slack : 0.414
TNS   : 0.000

Type  : Slow 1100mV 0C Model Hold 'VGA_SYNC:inst|vert_sync_out'
Slack : 0.771
TNS   : 0.000

Type  : Slow 1100mV 0C Model Recovery 'VGA_SYNC:inst|vert_sync_out'
Slack : -6.651
TNS   : -237.710

Type  : Slow 1100mV 0C Model Recovery 'MOUSE:inst5|MOUSE_CLK_FILTER'
Slack : -6.431
TNS   : -102.795

Type  : Slow 1100mV 0C Model Removal 'VGA_SYNC:inst|vert_sync_out'
Slack : 4.912
TNS   : 0.000

Type  : Slow 1100mV 0C Model Removal 'MOUSE:inst5|MOUSE_CLK_FILTER'
Slack : 5.334
TNS   : 0.000

Type  : Slow 1100mV 0C Model Minimum Pulse Width 'VGA_SYNC:inst|vert_sync_out'
Slack : -0.538
TNS   : -248.378

Type  : Slow 1100mV 0C Model Minimum Pulse Width 'MOUSE:inst5|MOUSE_CLK_FILTER'
Slack : -0.538
TNS   : -29.048

Type  : Slow 1100mV 0C Model Minimum Pulse Width 'inst2|pll_inst|altera_pll_i|general[0].gpll~FRACTIONAL_PLL|vcoph[0]'
Slack : 1.666
TNS   : 0.000

Type  : Slow 1100mV 0C Model Minimum Pulse Width 'CLOCK_50'
Slack : 9.741
TNS   : 0.000

Type  : Slow 1100mV 0C Model Minimum Pulse Width 'inst2|pll_inst|altera_pll_i|general[0].gpll~PLL_OUTPUT_COUNTER|divclk'
Slack : 18.568
TNS   : 0.000

Type  : Fast 1100mV 85C Model Setup 'VGA_SYNC:inst|vert_sync_out'
Slack : -41.121
TNS   : -4510.920

Type  : Fast 1100mV 85C Model Setup 'MOUSE:inst5|MOUSE_CLK_FILTER'
Slack : -4.407
TNS   : -129.580

Type  : Fast 1100mV 85C Model Setup 'inst2|pll_inst|altera_pll_i|general[0].gpll~PLL_OUTPUT_COUNTER|divclk'
Slack : -3.872
TNS   : -90.873

Type  : Fast 1100mV 85C Model Hold 'inst2|pll_inst|altera_pll_i|general[0].gpll~PLL_OUTPUT_COUNTER|divclk'
Slack : 0.006
TNS   : 0.000

Type  : Fast 1100mV 85C Model Hold 'MOUSE:inst5|MOUSE_CLK_FILTER'
Slack : 0.102
TNS   : 0.000

Type  : Fast 1100mV 85C Model Hold 'VGA_SYNC:inst|vert_sync_out'
Slack : 0.393
TNS   : 0.000

Type  : Fast 1100mV 85C Model Recovery 'VGA_SYNC:inst|vert_sync_out'
Slack : -2.926
TNS   : -98.891

Type  : Fast 1100mV 85C Model Recovery 'MOUSE:inst5|MOUSE_CLK_FILTER'
Slack : -2.712
TNS   : -43.353

Type  : Fast 1100mV 85C Model Removal 'VGA_SYNC:inst|vert_sync_out'
Slack : 2.167
TNS   : 0.000

Type  : Fast 1100mV 85C Model Removal 'MOUSE:inst5|MOUSE_CLK_FILTER'
Slack : 2.487
TNS   : 0.000

Type  : Fast 1100mV 85C Model Minimum Pulse Width 'VGA_SYNC:inst|vert_sync_out'
Slack : -0.173
TNS   : -24.065

Type  : Fast 1100mV 85C Model Minimum Pulse Width 'MOUSE:inst5|MOUSE_CLK_FILTER'
Slack : -0.038
TNS   : -0.038

Type  : Fast 1100mV 85C Model Minimum Pulse Width 'inst2|pll_inst|altera_pll_i|general[0].gpll~FRACTIONAL_PLL|vcoph[0]'
Slack : 1.666
TNS   : 0.000

Type  : Fast 1100mV 85C Model Minimum Pulse Width 'CLOCK_50'
Slack : 9.336
TNS   : 0.000

Type  : Fast 1100mV 85C Model Minimum Pulse Width 'inst2|pll_inst|altera_pll_i|general[0].gpll~PLL_OUTPUT_COUNTER|divclk'
Slack : 18.889
TNS   : 0.000

Type  : Fast 1100mV 0C Model Setup 'VGA_SYNC:inst|vert_sync_out'
Slack : -39.061
TNS   : -4196.897

Type  : Fast 1100mV 0C Model Setup 'MOUSE:inst5|MOUSE_CLK_FILTER'
Slack : -4.185
TNS   : -124.309

Type  : Fast 1100mV 0C Model Setup 'inst2|pll_inst|altera_pll_i|general[0].gpll~PLL_OUTPUT_COUNTER|divclk'
Slack : -2.992
TNS   : -66.871

Type  : Fast 1100mV 0C Model Hold 'inst2|pll_inst|altera_pll_i|general[0].gpll~PLL_OUTPUT_COUNTER|divclk'
Slack : -0.252
TNS   : -0.545

Type  : Fast 1100mV 0C Model Hold 'MOUSE:inst5|MOUSE_CLK_FILTER'
Slack : 0.141
TNS   : 0.000

Type  : Fast 1100mV 0C Model Hold 'VGA_SYNC:inst|vert_sync_out'
Slack : 0.361
TNS   : 0.000

Type  : Fast 1100mV 0C Model Recovery 'VGA_SYNC:inst|vert_sync_out'
Slack : -2.816
TNS   : -96.526

Type  : Fast 1100mV 0C Model Recovery 'MOUSE:inst5|MOUSE_CLK_FILTER'
Slack : -2.674
TNS   : -42.760

Type  : Fast 1100mV 0C Model Removal 'VGA_SYNC:inst|vert_sync_out'
Slack : 2.197
TNS   : 0.000

Type  : Fast 1100mV 0C Model Removal 'MOUSE:inst5|MOUSE_CLK_FILTER'
Slack : 2.539
TNS   : 0.000

Type  : Fast 1100mV 0C Model Minimum Pulse Width 'VGA_SYNC:inst|vert_sync_out'
Slack : -0.106
TNS   : -13.257

Type  : Fast 1100mV 0C Model Minimum Pulse Width 'MOUSE:inst5|MOUSE_CLK_FILTER'
Slack : -0.022
TNS   : -0.022

Type  : Fast 1100mV 0C Model Minimum Pulse Width 'inst2|pll_inst|altera_pll_i|general[0].gpll~FRACTIONAL_PLL|vcoph[0]'
Slack : 1.666
TNS   : 0.000

Type  : Fast 1100mV 0C Model Minimum Pulse Width 'CLOCK_50'
Slack : 9.286
TNS   : 0.000

Type  : Fast 1100mV 0C Model Minimum Pulse Width 'inst2|pll_inst|altera_pll_i|general[0].gpll~PLL_OUTPUT_COUNTER|divclk'
Slack : 18.889
TNS   : 0.000

------------------------------------------------------------
